declaration:
    a: int;
end_declaration

main:
    a = scan("Oi ");
end_main